// Jest Snapshot v1, https://goo.gl/fbAQLP

exports[`Test Gradients Gradient Generation returns set of gradients 1`] = `"<svg><defs><linearGradient id=\\"abc_linear_gradient_state_ok\\" x1=\\"30%\\" y1=\\"30%\\" x2=\\"70%\\" y2=\\"70%\\"><stop offset=\\"0%\\" stop-color=\\"#299c46\\"></stop><stop offset=\\"100%\\" stop-color=\\"#1d6d31\\"></stop></linearGradient><linearGradient id=\\"abc_linear_gradient_state_warning\\" x1=\\"30%\\" y1=\\"30%\\" x2=\\"70%\\" y2=\\"70%\\"><stop offset=\\"0%\\" stop-color=\\"#ed8128\\"></stop><stop offset=\\"100%\\" stop-color=\\"#a65a1c\\"></stop></linearGradient><linearGradient id=\\"abc_linear_gradient-state_critical\\" x1=\\"30%\\" y1=\\"30%\\" x2=\\"70%\\" y2=\\"70%\\"><stop offset=\\"0%\\" stop-color=\\"#f53636\\"></stop><stop offset=\\"100%\\" stop-color=\\"#ac2626\\"></stop></linearGradient><linearGradient id=\\"abc_linear_gradient_state_unknown\\" x1=\\"30%\\" y1=\\"30%\\" x2=\\"70%\\" y2=\\"70%\\"><stop offset=\\"0%\\" stop-color=\\"#73808A\\"></stop><stop offset=\\"100%\\" stop-color=\\"#73808A\\"></stop></linearGradient></defs></svg>"`;
