// Jest Snapshot v1, https://goo.gl/fbAQLP

exports[`Test CompositeMetricItem Metric Hints returns set of hint from labels 1`] = `"<fieldset class="css-1qipljx"><div class="css-ve64a7-horizontal-group" style="width: 100%; height: 100%;"><div class="css-cvef6c-layoutChildrenWrapper"><button aria-label="Delete this metric" class="css-yvi4bi" tabindex="0"><div class="css-wf08df-Icon"><svg xmlns="http://www.w3.org/2000/svg" data-testid="trash-alt" viewBox="0 0 24 24"></svg></div></button></div><div class="css-cvef6c-layoutChildrenWrapper"><button aria-label="Copy Metric/Regex" class="css-x1vujn" tabindex="0"><div class="css-wf08df-Icon"><svg xmlns="http://www.w3.org/2000/svg" data-testid="copy" viewBox="0 0 24 24"></svg></div></button></div><div class="css-cvef6c-layoutChildrenWrapper"><div class="css-8e5b3" id="cmi-field-index-0" style="min-width: 175px;"><div class="css-jt4xma-Label"><label><div class="css-xhqy0o">Metric/RegEx</div></label></div><div><div><div class="css-4339yg"><div class="css-xcstkt-input-wrapper" data-testid="input-wrapper"><div class="css-1w5c5dq-input-inputWrapper"><input class="css-1mlczho-input-input" placeholder="" style="padding-right: 12px;" value=".*"><div class="css-7y3u6k-input-suffix"><div class="css-wf08df-Icon"><svg xmlns="http://www.w3.org/2000/svg" data-testid="angle-down" viewBox="0 0 24 24"></svg></div></div></div></div></div></div></div></div></div><div class="css-cvef6c-layoutChildrenWrapper"><div class="css-8e5b3"><div class="css-jt4xma-Label"><label for="cmi-alias-index-0"><div class="css-xhqy0o">Alias</div></label></div><div><div class="css-xcstkt-input-wrapper" data-testid="input-wrapper"><div class="css-1w5c5dq-input-inputWrapper"><input class="css-1mlczho-input-input" id="cmi-alias-index-0" placeholder="" value=""></div></div></div></div></div></div></fieldset>"`;
